connect-src https://*.algolia.net https://*.algolianet.com