style-src https://cdnjs.cloudflare.com
script-src https://cdnjs.cloudflare.com