style-src data: https://maxcdn.bootstrapcdn.com
font-src data: https://maxcdn.bootstrapcdn.com