script-src https://*.whereby.com
frame-src https://*.whereby.com