script-src https://snippet.maze.co
connect-src https://prompts.maze.co