connect-src https://*.ingest.de.sentry.io https://*.ingest.us.sentry.io